


ARM Macro Assembler    Page 1 


    1 00000000                 AREA             RESET,DATA,READONLY
    2 00000000                 EXPORT           __Vectors
    3 00000000         __Vectors
    4 00000000         
    5 00000000 10001000        DCD              0x10001000
    6 00000004 00000000        DCD              Reset_Handler
    7 00000008         
    8 00000008                 AREA             mycode,CODE,READONLY
    9 00000000                 ENTRY
   10 00000000                 EXPORT           Reset_Handler
   11 00000000         
   12 00000000         Reset_Handler
   13 00000000         
   14 00000000 4809            LDR              R0,=NUM
   15 00000002 6801            LDR              R1,[R0]
   16 00000004 4809            LDR              R0,=RES+7
   17 00000006 F04F 0208       MOV              R2,#8
   18 0000000A         LOOP
   19 0000000A F001 030F       AND              R3,R1,#0X0F
   20 0000000E F800 3901       STRB             R3,[R0],#-1
   21 00000012 EA4F 1111       LSR              R1,#4
   22 00000016 F1A2 0201       SUB              R2,#1
   23 0000001A F092 0F00       TEQ              R2,#0
   24 0000001E D1F4            BNE              LOOP
   25 00000020         STOP
   26 00000020 E7FE            B                STOP
   27 00000022 00 00 ABCDEF12 
                       NUM     DCD              0XABCDEF12
   28 00000028         
   29 00000028         
   30 00000028 00000000 
              00000007         AREA             mydata,DATA,READWRITE
   31 00000000 00      RES     DCB              0
   32 00000001                 END
Command Line: --debug --xref --cpu=Cortex-M3 --apcs=interwork --depend=.\hexa_u
npack.d -o.\hexa_unpack.o -IC:\Keil\ARM\RV31\INC -IC:\Keil\ARM\CMSIS\Include -I
C:\Keil\ARM\Inc\NXP\LPC17xx --predefine="__EVAL SETA 1" --list=.\hexa_unpack.ls
t hexa_unpack.s



ARM Macro Assembler    Page 1 Alphabetic symbol ordering
Relocatable symbols

RESET 00000000

Symbol: RESET
   Definitions
      At line 1 in file hexa_unpack.s
   Uses
      None
Comment: RESET unused
__Vectors 00000000

Symbol: __Vectors
   Definitions
      At line 3 in file hexa_unpack.s
   Uses
      At line 2 in file hexa_unpack.s
Comment: __Vectors used once
2 symbols



ARM Macro Assembler    Page 1 Alphabetic symbol ordering
Relocatable symbols

LOOP 0000000A

Symbol: LOOP
   Definitions
      At line 18 in file hexa_unpack.s
   Uses
      At line 24 in file hexa_unpack.s
Comment: LOOP used once
NUM 00000024

Symbol: NUM
   Definitions
      At line 27 in file hexa_unpack.s
   Uses
      At line 14 in file hexa_unpack.s
Comment: NUM used once
Reset_Handler 00000000

Symbol: Reset_Handler
   Definitions
      At line 12 in file hexa_unpack.s
   Uses
      At line 6 in file hexa_unpack.s
      At line 10 in file hexa_unpack.s

STOP 00000020

Symbol: STOP
   Definitions
      At line 25 in file hexa_unpack.s
   Uses
      At line 26 in file hexa_unpack.s
Comment: STOP used once
mycode 00000000

Symbol: mycode
   Definitions
      At line 8 in file hexa_unpack.s
   Uses
      None
Comment: mycode unused
5 symbols



ARM Macro Assembler    Page 1 Alphabetic symbol ordering
Relocatable symbols

RES 00000000

Symbol: RES
   Definitions
      At line 31 in file hexa_unpack.s
   Uses
      At line 16 in file hexa_unpack.s
Comment: RES used once
mydata 00000000

Symbol: mydata
   Definitions
      At line 30 in file hexa_unpack.s
   Uses
      None
Comment: mydata unused
2 symbols
342 symbols in table
