<html>
<body>
<pre>
<h1>µVision Build Log</h1>
<h2>Project:</h2>
F:\ESD\lab4\lab4.uvproj
Project File Date:  02/06/2018

<h2>Output:</h2>
Build target 'Target 1'
assembling bcd_sub.S...
linking...
Program Size: Code=132 RO-data=0 RW-data=4 ZI-data=0  
".\lab4.axf" - 0 Error(s), 0 Warning(s).
ply defined symbol 'd2'
".\lab4.axf" - 2 Error(s), 0 Warning(s).
Target not created
g(s).
Target not created
cd_sub.S(25): warning: A1865W: '#' not seen before constant expression
".\lab4.axf" - 2 Error(s), 2 Warning(s).
Target not created
