ARM Linker, 5.03 [Build 76] [MDK-ARM Lite]

==============================================================================

Section Cross References

    bcd_sub.o(RESET) refers to bcd_sub.o(mycode) for Reset_Handler
    bcd_sub.o(mycode) refers to bcd_sub.o(mydata) for RES


==============================================================================

Image Symbol Table

    Local Symbols

    Symbol Name                              Value     Ov Type        Size  Object(Section)

    RESET                                    0x00000000   Section        8  bcd_sub.o(RESET)
    ..\lab3\bcd_sub.S                        0x00000000   Number         0  bcd_sub.o ABSOLUTE
    mycode                                   0x00000008   Section      124  bcd_sub.o(mycode)
    NUM1                                     0x00000070   Data           4  bcd_sub.o(mycode)
    NUM2                                     0x00000074   Data           4  bcd_sub.o(mycode)
    mydata                                   0x10000000   Section        4  bcd_sub.o(mydata)
    RES                                      0x10000000   Data           4  bcd_sub.o(mydata)

    Global Symbols

    Symbol Name                              Value     Ov Type        Size  Object(Section)

    BuildAttributes$$THM_ISAv4$P$D$K$B$S$PE$A:L22UL41UL21$X:L11$S22US41US21$IEEE1$IW$USESV6$~STKCKD$USESV7$~SHL$OSPACE$EBA8$STANDARDLIB$PRES8$EABIv2 0x00000000   Number         0  anon$$obj.o ABSOLUTE
    __Vectors                                0x00000000   Data           0  bcd_sub.o(RESET)
    Reset_Handler                            0x00000009   Thumb Code     0  bcd_sub.o(mycode)



==============================================================================

Memory Map of the image

  Image Entry point : 0x00000009

  Load Region LR_1 (Base: 0x00000000, Size: 0x00000088, Max: 0xffffffff, ABSOLUTE)

    Execution Region ER_RO (Base: 0x00000000, Size: 0x00000084, Max: 0xffffffff, ABSOLUTE)

    Base Addr    Size         Type   Attr      Idx    E Section Name        Object

    0x00000000   0x00000008   Code   RO            1    RESET               bcd_sub.o
    0x00000008   0x0000007c   Code   RO            2  * mycode              bcd_sub.o


    Execution Region ER_RW (Base: 0x10000000, Size: 0x00000004, Max: 0xffffffff, ABSOLUTE)

    Base Addr    Size         Type   Attr      Idx    E Section Name        Object

    0x10000000   0x00000004   Data   RW            3    mydata              bcd_sub.o


    Execution Region ER_ZI (Base: 0x10000004, Size: 0x00000000, Max: 0xffffffff, ABSOLUTE)

    **** No section assigned to this execution region ****


==============================================================================

Image component sizes


      Code (inc. data)   RO Data    RW Data    ZI Data      Debug   Object Name

       132         28          0          4          0        340   bcd_sub.o

    ----------------------------------------------------------------------
       132         28          0          4          0        340   Object Totals
         0          0          0          0          0          0   (incl. Generated)
         0          0          0          0          0          0   (incl. Padding)

    ----------------------------------------------------------------------
         0          0          0          0          0          0   Library Totals
         0          0          0          0          0          0   (incl. Padding)

    ----------------------------------------------------------------------

==============================================================================


      Code (inc. data)   RO Data    RW Data    ZI Data      Debug   

       132         28          0          4          0        340   Grand Totals
       132         28          0          4          0        340   ELF Image Totals
       132         28          0          4          0          0   ROM Totals

==============================================================================

    Total RO  Size (Code + RO Data)                  132 (   0.13kB)
    Total RW  Size (RW Data + ZI Data)                 4 (   0.00kB)
    Total ROM Size (Code + RO Data + RW Data)        136 (   0.13kB)

==============================================================================

